Abkuerzungen|
Anpassung_der_Konfigurationsdateien|
Benutzerhandbuch|de/develop/manual/index.html
Colorchooser_(Deutsch)|de/develop/manual/config/widgets/plugins/colorchooser/index.html
CometVisu|
CometVisu/0.8.0/ColorChooser/de|de/develop/manual/config/widgets/plugins/colorchooser/index.html
CometVisu/0.8.0/Tutorial/Plugins/de|
CometVisu/0.8.0/Tutorial/Stylings/de|
CometVisu/0.8.0/Tutorial/de|
CometVisu/0.8.0/demo_config/de|
CometVisu/0.8.0/image/de|de/develop/manual/config/widgets/image/index.html
CometVisu/0.8.0/imagetrigger/de|de/develop/manual/config/widgets/imagetrigger/index.html
CometVisu/0.8.0/info/de|de/develop/manual/config/widgets/info/index.html
CometVisu/0.8.0/info/de)|de/develop/manual/config/widgets/info/index.html
CometVisu/0.8.0/infotrigger/de|de/develop/manual/config/widgets/infotrigger/index.html
CometVisu/0.8.0/manual/de|de/develop/manual/index.html
CometVisu/0.8.0/mapping/de|de/develop/manual/config/mapping.html
CometVisu/0.8.0/multitrigger/de|de/develop/manual/config/widgets/multitrigger/index.html
CometVisu/0.8.0/pushbutton/de|de/develop/manual/config/widgets/pushbutton/index.html
CometVisu/0.8.0/slide/de|de/develop/manual/config/widgets/slide/index.html
CometVisu/0.8.0/strftime/de|de/develop/manual/config/widgets/plugins/strftime/index.html
CometVisu/0.8.0/switch/de|de/develop/manual/config/widgets/switch/index.html
CometVisu/0.8.0/text/de|de/develop/manual/config/widgets/text/index.html
CometVisu/0.8.0/the_internal_Editor/de|
CometVisu/0.8.0/toggle/de|de/develop/manual/config/widgets/toggle/index.html
CometVisu/0.8.0/trigger/de|de/develop/manual/config/widgets/trigger/index.html
CometVisu/0.8.0/video/de|de/develop/manual/config/widgets/video/index.html
CometVisu/0.8.0/web/de|de/develop/manual/config/widgets/web/index.html
CometVisu/0.8.1/|
CometVisu/0.8.1/etc/rrd/cpuload/de/|
CometVisu/0.8.1/etc/rrd/de/|
CometVisu/0.8.1/etc/rrd/processes/de/|
CometVisu/0.8.1/etc/rrd/template|
CometVisu/0.8.1/installation/de/pi|de/develop/manual/install/raspberry.html
CometVisu/0.8.1/manual/de|de/develop/manual/index.html
CometVisu/0.8.x/Howto%3A_Animierter_Hydraulikplan|de/develop/manual/config/hydraulik.html
CometVisu/0.8.x/aufgaben/de|de/develop/manual/colab/todos.html
CometVisu/0.8.x/etc/rrd/1wire_owfs/temperatur/de/|de/develop/manual/config/rrd/1wire_owfs.html
CometVisu/0.8.x/etc/rrd/cpuload/de/|de/develop/manual/config/rrd/cpuload.html
CometVisu/0.8.x/etc/rrd/de/|de/develop/manual/config/rrd_examples.html
CometVisu/0.8.x/etc/rrd/ifHCoctets|de/develop/manual/config/rrd/ifHCoctets.html
CometVisu/0.8.x/etc/rrd/ifHCoctets/de|de/develop/manual/config/rrd/ifHCoctets.html
CometVisu/0.8.x/etc/rrd/knx_linknx/temperatur/de/|de/develop/manual/config/rrd/knx_linknx.html
CometVisu/0.8.x/etc/rrd/pi_cputemp/de/|de/develop/manual/config/rrd/pi_cputemp.html
CometVisu/0.8.x/etc/rrd/processes/de/|de/develop/manual/config/rrd/processes.html
CometVisu/0.8.x/etc/rrd/template|
CometVisu/0.8.x/flavour/de|de/develop/manual/config/flavour.html
CometVisu/0.8.x/format/de|de/develop/manual/config/format.html
CometVisu/0.8.x/installation/de/pi|de/develop/manual/install/raspberry.html
CometVisu/0.8.x/manual/de|de/develop/manual/index.html
CometVisu/0.8.x/manual/updateother/de|de/develop/manual/install/update-other.html
CometVisu/0.8.x/manual/updatewiregate/de|de/develop/manual/install/update-wiregate.html
CometVisu/0.8.x/mapping/de|de/develop/manual/config/mapping.html
CometVisu/0.8.x/styling/de|de/develop/manual/config/styling.html
CometVisu/0.8.x/widgets/audio/de|de/develop/manual/config/widgets/audio/index.html
CometVisu/0.8.x/widgets/break/de/|de/develop/manual/config/widgets/break/index.html
CometVisu/0.8.x/widgets/colorchooser/de/|de/develop/manual/config/widgets/plugins/colorchooser/index.html
CometVisu/0.8.x/widgets/de|de/develop/manual/config/widgets/index.html
CometVisu/0.8.x/widgets/designtoggle/de/|de/develop/manual/config/widgets/designtoggle/index.html
CometVisu/0.8.x/widgets/diagramm_info/de/|de/develop/manual/config/widgets/plugins/diagram_info/index.html
CometVisu/0.8.x/widgets/gauge/de/|de/develop/manual/config/widgets/plugins/gauge/index.html
CometVisu/0.8.x/widgets/image/de/|de/develop/manual/config/widgets/image/index.html
CometVisu/0.8.x/widgets/imagetrigger/de/|de/develop/manual/config/widgets/imagetrigger/index.html
CometVisu/0.8.x/widgets/info/de/|de/develop/manual/config/widgets/info/index.html
CometVisu/0.8.x/widgets/infotrigger/de/|de/develop/manual/config/widgets/infotrigger/index.html
CometVisu/0.8.x/widgets/line/de|de/develop/manual/config/widgets/line/index.html
CometVisu/0.8.x/widgets/multitrigger/de/|de/develop/manual/config/widgets/multitrigger/index.html
CometVisu/0.8.x/widgets/page/de|de/develop/manual/config/widgets/page/index.html
CometVisu/0.8.x/widgets/pushbutton/de/|de/develop/manual/config/widgets/pushbutton/index.html
CometVisu/0.8.x/widgets/refresh/de/|de/develop/manual/config/widgets/refresh/index.html
CometVisu/0.8.x/widgets/reload/de/|de/develop/manual/config/widgets/reload/index.html
CometVisu/0.8.x/widgets/rgb/de/|de/develop/manual/config/widgets/rgb/index.html
CometVisu/0.8.x/widgets/slide/de/|de/develop/manual/config/widgets/slide/index.html
CometVisu/0.8.x/widgets/strftime/|de/develop/manual/config/widgets/plugins/strftime/index.html
CometVisu/0.8.x/widgets/switch/de/|de/develop/manual/config/widgets/switch/index.html
CometVisu/0.8.x/widgets/template|
CometVisu/0.8.x/widgets/text/de/|de/develop/manual/config/widgets/text/index.html
CometVisu/0.8.x/widgets/toggle/de/|de/develop/manual/config/widgets/toggle/index.html
CometVisu/0.8.x/widgets/trigger/de/|de/develop/manual/config/widgets/trigger/index.html
CometVisu/0.8.x/widgets/video/de/|de/develop/manual/config/widgets/video/index.html
CometVisu/0.8.x/widgets/vorlage/de|
CometVisu/0.8.x/widgets/web/de/|de/develop/manual/config/widgets/web/index.html
CometVisu/Abkuerzungen|
CometVisu/Anpassung_der_Konfigurationsdateien|
CometVisu/Backend/en|
CometVisu/Benutzerhandbuch|de/develop/manual/index.html
CometVisu/Beta|
CometVisu/CodingStyle|
CometVisu/ColorChooser|de/develop/manual/config/widgets/plugins/colorchooser/index.html
CometVisu/ColorChooser_(Deutsch)|de/develop/manual/config/widgets/plugins/colorchooser/index.html
CometVisu/Config|
CometVisu/Den_eingebauten_Editor_benutzen|
CometVisu/DesignDecisions|
CometVisu/Devoloping_Widgets_(Deutsch)|
CometVisu/Examples|de/develop/manual/config/index.html
CometVisu/Extending|
CometVisu/FAQ_(Deutsch)|de/develop/manual/faq.html
CometVisu/Format|de/manual/config/format.html
CometVisu/Format_(Deutsch)|de/manual/config/format.html
CometVisu/HowTo%3A_Entwicklerversion_auf_dem_WireGate|de/develop/manual/install/install-dev.html
CometVisu/HowTo_install_the_development_version_on_the_WireGate|
CometVisu/Iframe|de/develop/manual/config/widgets/web/index.html
CometVisu/Iframe_(Deutsch)|de/develop/manual/config/widgets/web/index.html
CometVisu/Install|
CometVisu/Install_Wiregate|de/manual/install/wiregate.html
CometVisu/Install_from_Source|
CometVisu/Install_prerequisites|
CometVisu/Install_prerequitisites|
CometVisu/Installation/Backend/de|de/develop/manual/install/backends/install-eibd.html
CometVisu/Installation/Backend/en|
CometVisu/Installation/Pi/de|de/develop/manual/install/raspberry.html
CometVisu/Installation/RRDtool/en|
CometVisu/Installation/Raspberry_Pi/de|de/develop/manual/install/raspberry.html
CometVisu/Installation/WireGate/de|de/develop/manual/install/wiregate.html
CometVisu/Installation/WireGate/en|
CometVisu/Installation/de|de/develop/manual/install/allgemein.html
CometVisu/Installation/en|
CometVisu/Manual|de/develop/manual/index.html
CometVisu/Overview|
CometVisu/Protocol|
CometVisu/Protokoll_(Deutsch)|
CometVisu/The_internal_Editor|
CometVisu/URL_parameter/de|de/develop/manual/config/url-params.html
CometVisu/Update|
CometVisu/Widget/ColorChooser/de|de/develop/manual/config/widgets/plugins/colorchooser/index.html
CometVisu/Widget/ColorChooser/en|
CometVisu/Widget/Iframe/de|de/develop/manual/config/widgets/web/index.html
CometVisu/Widget/Iframe/en|
CometVisu/Widget/diagram_inline/de|de/develop/manual/config/widgets/plugins/diagram/index.html
CometVisu/Widget/diagram_inline/en|
CometVisu/Widget/diagram_popup/de|de/develop/manual/config/widgets/plugins/diagram/index.html
CometVisu/Widget/diagram_popup/en|
CometVisu/Widget/image/de|de/develop/manual/config/widgets/image/index.html
CometVisu/Widget/image/en|
CometVisu/Widget/info/de|de/develop/manual/config/widgets/info/index.html
CometVisu/Widget/info/en|
CometVisu/Widget/infotrigger/de|de/develop/manual/config/widgets/infotrigger/index.html
CometVisu/Widget/infotrigger/en|
CometVisu/Widget/multitrigger/de|de/develop/manual/config/widgets/multitrigger/index.html
CometVisu/Widget/multitrigger/en|
CometVisu/Widget/slide/de|de/develop/manual/config/widgets/slide/index.html
CometVisu/Widget/slide/en|
CometVisu/Widget/switch/de|de/develop/manual/config/widgets/switch/index.html
CometVisu/Widget/switch/en|
CometVisu/Widget/toggle/de|de/develop/manual/config/widgets/toggle/index.html
CometVisu/Widget/toggle/en|
CometVisu/Widget/trigger/de|de/develop/manual/config/widgets/trigger/index.html
CometVisu/Widget/trigger/en|
CometVisu/Widget/video/de|de/develop/manual/config/widgets/video/index.html
CometVisu/Widget/video/en|
CometVisu/XML-Elemente|de/develop/manual/config/xml-format.html
CometVisu/XML-Elements|
CometVisu/demo_config/de|
CometVisu/demo_config/haegar80/de|de/develop/manual/config/examples/haegar80.html
CometVisu/demo_config/merlin123/de|de/develop/manual/config/examples/merlin123.html
CometVisu/demo_config/swiss/de|de/develop/manual/config/examples/swiss.html
CometVisu/diagram_inline|
CometVisu/diagram_inline_(Deutsch)|
CometVisu/diagram_popup|
CometVisu/diagram_popup_(Deutsch)|
CometVisu/gweather_(Deutsch)|
CometVisu/handbook/de|de/develop/manual/index.html
CometVisu/image|de/develop/manual/config/widgets/image/index.html
CometVisu/image_(Deutsch)|de/develop/manual/config/widgets/image/index.html
CometVisu/imagetrigger/de|de/develop/manual/config/widgets/imagetrigger/index.html
CometVisu/imagetrigger_(Deutsch)|de/develop/manual/config/widgets/imagetrigger/index.html
CometVisu/info|de/develop/manual/config/widgets/info/index.html
CometVisu/info_(Deutsch)|de/develop/manual/config/widgets/info/index.html
CometVisu/infotrigger|de/develop/manual/config/widgets/infotrigger/index.html
CometVisu/infotrigger_(Deutsch)|de/develop/manual/config/widgets/infotrigger/index.html
CometVisu/jqclock_(Deutsch)|
CometVisu/manual/de|de/develop/manual/index.html
CometVisu/manual/en|
CometVisu/mapping|de/develop/manual/config/mapping.html
CometVisu/mapping_(Deutsch)|de/develop/manual/config/mapping.html
CometVisu/multitrigger|de/develop/manual/config/widgets/multitrigger/index.html
CometVisu/multitrigger_(Deutsch)|de/develop/manual/config/widgets/multitrigger/index.html
CometVisu/rrdtool|de/develop/manual/install/install-rrd.html
CometVisu/slide|de/develop/manual/config/widgets/slide/index.html
CometVisu/slide_(Deutsch)|de/develop/manual/config/widgets/slide/index.html
CometVisu/slider_(Deutsch)|de/develop/manual/config/widgets/slide/index.html
CometVisu/strftime/de|de/develop/manual/config/widgets/plugins/strftime/index.html
CometVisu/strftime_(Deutsch)|de/develop/manual/config/widgets/plugins/strftime/index.html
CometVisu/styling_(Deutsch)|de/develop/manual/config/styling.html
CometVisu/switch|de/develop/manual/config/widgets/switch/index.html
CometVisu/switch_(Deutsch)|de/develop/manual/config/widgets/switch/index.html
CometVisu/test/1|
CometVisu/test/2|
CometVisu/test/3|
CometVisu/the_internal_Editor/de|
CometVisu/the_internal_Editor/en|
CometVisu/toggle|de/develop/manual/config/widgets/toggle/index.html
CometVisu/toggle_(Deutsch)|de/develop/manual/config/widgets/toggle/index.html
CometVisu/trigger|de/develop/manual/config/widgets/trigger/index.html
CometVisu/trigger_(Deutsch)|de/develop/manual/config/widgets/trigger/index.html
CometVisu/video|de/develop/manual/config/widgets/video/index.html
CometVisu/video_(Deutsch)|de/develop/manual/config/widgets/video/index.html
CometVisu/widgets%26plugins|
Den_eingebauten_Editor_benutzen|
Ebusd|
Freeware|
GPL|
GrAF|
HowTo_Neue_Widgets_von_Hand_installieren|
Iframe|
Impressum|
Index.php|
JavaScript_3D_Floorplan|
JavaScript_3D_Floorplan/de|
JavaScript_3D_Floorplan/en|
KNX|
KNX_Visu|
KNX_Visualisation|
KNX_Visualisierung|
Knxd|
LGconnectd|
Labor_(Deutsch)|
LogicEngine|
Main_Page|
Media|
NewPage|
Open_Automation|
Rsslog|
Russconnectd|
Tools|
XML-Elemente|de/develop/manual/config/xml-format.html
XPL|
XPLHAL|
Yawgd|
